MENU PRINCIPAL
1 - Abrir
2 - Guardar
3 - Gestão de clientes
4 - Gestão de terminais
5 - Menu de consultas
6 - Ver saldo global
0 - Sair
Escolha uma opção: GESTÃO DE TERMINAIS
1 - Mostrar todos os terminais
2 - Registar terminal
3 - Operações de terminal
0 - Sair
Escolha uma opção: Número do terminal: OPERAÇÕES DO TERMINAL
1 - Ligar
2 - Colocar no silêncio
3 - Desligar
4 - Adicionar amigo
5 - Retirar amigo
6 - Pagamento
7 - Consultar saldo
8 - Enviar comunicação de texto
9 - Iniciar comunicação
11 - Mostrar comunicação em curso
0 - Sair
Escolha uma opção: Número do terminal: Tipo de comunicação a iniciar (VOICE, VIDEO): OPERAÇÕES DO TERMINAL
1 - Ligar
2 - Colocar no silêncio
3 - Desligar
4 - Adicionar amigo
5 - Retirar amigo
6 - Pagamento
7 - Consultar saldo
10 - Terminar comunicação activa
11 - Mostrar comunicação em curso
0 - Sair
Escolha uma opção: Duração da comunicação (em minutos): Custo da comunicação: 100 unidades.
OPERAÇÕES DO TERMINAL
1 - Ligar
2 - Colocar no silêncio
3 - Desligar
4 - Adicionar amigo
5 - Retirar amigo
6 - Pagamento
7 - Consultar saldo
8 - Enviar comunicação de texto
9 - Iniciar comunicação
11 - Mostrar comunicação em curso
0 - Sair
Escolha uma opção: GESTÃO DE TERMINAIS
1 - Mostrar todos os terminais
2 - Registar terminal
3 - Operações de terminal
0 - Sair
Escolha uma opção: Número do terminal: OPERAÇÕES DO TERMINAL
1 - Ligar
2 - Colocar no silêncio
3 - Desligar
4 - Adicionar amigo
5 - Retirar amigo
6 - Pagamento
7 - Consultar saldo
8 - Enviar comunicação de texto
9 - Iniciar comunicação
11 - Mostrar comunicação em curso
0 - Sair
Escolha uma opção: Número do terminal: Tipo de comunicação a iniciar (VOICE, VIDEO): OPERAÇÕES DO TERMINAL
1 - Ligar
2 - Colocar no silêncio
3 - Desligar
4 - Adicionar amigo
5 - Retirar amigo
6 - Pagamento
7 - Consultar saldo
10 - Terminar comunicação activa
11 - Mostrar comunicação em curso
0 - Sair
Escolha uma opção: Duração da comunicação (em minutos): Custo da comunicação: 60 unidades.
OPERAÇÕES DO TERMINAL
1 - Ligar
2 - Colocar no silêncio
3 - Desligar
4 - Adicionar amigo
5 - Retirar amigo
6 - Pagamento
7 - Consultar saldo
8 - Enviar comunicação de texto
9 - Iniciar comunicação
11 - Mostrar comunicação em curso
0 - Sair
Escolha uma opção: Número do terminal: Tipo de comunicação a iniciar (VOICE, VIDEO): OPERAÇÕES DO TERMINAL
1 - Ligar
2 - Colocar no silêncio
3 - Desligar
4 - Adicionar amigo
5 - Retirar amigo
6 - Pagamento
7 - Consultar saldo
10 - Terminar comunicação activa
11 - Mostrar comunicação em curso
0 - Sair
Escolha uma opção: Duração da comunicação (em minutos): Custo da comunicação: 240 unidades.
OPERAÇÕES DO TERMINAL
1 - Ligar
2 - Colocar no silêncio
3 - Desligar
4 - Adicionar amigo
5 - Retirar amigo
6 - Pagamento
7 - Consultar saldo
8 - Enviar comunicação de texto
9 - Iniciar comunicação
11 - Mostrar comunicação em curso
0 - Sair
Escolha uma opção: Número do terminal: Mensagem de texto a enviar: OPERAÇÕES DO TERMINAL
1 - Ligar
2 - Colocar no silêncio
3 - Desligar
4 - Adicionar amigo
5 - Retirar amigo
6 - Pagamento
7 - Consultar saldo
8 - Enviar comunicação de texto
9 - Iniciar comunicação
11 - Mostrar comunicação em curso
0 - Sair
Escolha uma opção: GESTÃO DE TERMINAIS
1 - Mostrar todos os terminais
2 - Registar terminal
3 - Operações de terminal
0 - Sair
Escolha uma opção: Número do terminal: OPERAÇÕES DO TERMINAL
1 - Ligar
2 - Colocar no silêncio
3 - Desligar
4 - Adicionar amigo
5 - Retirar amigo
6 - Pagamento
7 - Consultar saldo
8 - Enviar comunicação de texto
9 - Iniciar comunicação
11 - Mostrar comunicação em curso
0 - Sair
Escolha uma opção: Número do terminal: Tipo de comunicação a iniciar (VOICE, VIDEO): OPERAÇÕES DO TERMINAL
1 - Ligar
2 - Colocar no silêncio
3 - Desligar
4 - Adicionar amigo
5 - Retirar amigo
6 - Pagamento
7 - Consultar saldo
10 - Terminar comunicação activa
11 - Mostrar comunicação em curso
0 - Sair
Escolha uma opção: Duração da comunicação (em minutos): Custo da comunicação: 240 unidades.
OPERAÇÕES DO TERMINAL
1 - Ligar
2 - Colocar no silêncio
3 - Desligar
4 - Adicionar amigo
5 - Retirar amigo
6 - Pagamento
7 - Consultar saldo
8 - Enviar comunicação de texto
9 - Iniciar comunicação
11 - Mostrar comunicação em curso
0 - Sair
Escolha uma opção: GESTÃO DE TERMINAIS
1 - Mostrar todos os terminais
2 - Registar terminal
3 - Operações de terminal
0 - Sair
Escolha uma opção: Número do terminal: OPERAÇÕES DO TERMINAL
1 - Ligar
2 - Colocar no silêncio
3 - Desligar
4 - Adicionar amigo
5 - Retirar amigo
6 - Pagamento
7 - Consultar saldo
8 - Enviar comunicação de texto
9 - Iniciar comunicação
11 - Mostrar comunicação em curso
0 - Sair
Escolha uma opção: Número do terminal: Tipo de comunicação a iniciar (VOICE, VIDEO): OPERAÇÕES DO TERMINAL
1 - Ligar
2 - Colocar no silêncio
3 - Desligar
4 - Adicionar amigo
5 - Retirar amigo
6 - Pagamento
7 - Consultar saldo
10 - Terminar comunicação activa
11 - Mostrar comunicação em curso
0 - Sair
Escolha uma opção: Duração da comunicação (em minutos): Custo da comunicação: 360 unidades.
OPERAÇÕES DO TERMINAL
1 - Ligar
2 - Colocar no silêncio
3 - Desligar
4 - Adicionar amigo
5 - Retirar amigo
6 - Pagamento
7 - Consultar saldo
8 - Enviar comunicação de texto
9 - Iniciar comunicação
11 - Mostrar comunicação em curso
0 - Sair
Escolha uma opção: Número do terminal: Tipo de comunicação a iniciar (VOICE, VIDEO): OPERAÇÕES DO TERMINAL
1 - Ligar
2 - Colocar no silêncio
3 - Desligar
4 - Adicionar amigo
5 - Retirar amigo
6 - Pagamento
7 - Consultar saldo
10 - Terminar comunicação activa
11 - Mostrar comunicação em curso
0 - Sair
Escolha uma opção: Duração da comunicação (em minutos): Custo da comunicação: 200 unidades.
OPERAÇÕES DO TERMINAL
1 - Ligar
2 - Colocar no silêncio
3 - Desligar
4 - Adicionar amigo
5 - Retirar amigo
6 - Pagamento
7 - Consultar saldo
8 - Enviar comunicação de texto
9 - Iniciar comunicação
11 - Mostrar comunicação em curso
0 - Sair
Escolha uma opção: GESTÃO DE TERMINAIS
1 - Mostrar todos os terminais
2 - Registar terminal
3 - Operações de terminal
0 - Sair
Escolha uma opção: MENU PRINCIPAL
1 - Abrir
2 - Guardar
3 - Gestão de clientes
4 - Gestão de terminais
5 - Menu de consultas
6 - Ver saldo global
0 - Sair
Escolha uma opção: CONSULTAS
1 - Mostrar todas as comunicações
2 - Mostrar comunicações feitas por um cliente
3 - Mostrar comunicações recebidas por um cliente
4 - Mostrar clientes sem dívidas
5 - Mostrar clientes com dívidas
6 - Mostrar terminais sem actividade
7 - Mostrar terminais com saldo positivo
0 - Sair
Escolha uma opção: VOICE|1|969001|969002|5|100|FINISHED
VIDEO|2|969003|969001|2|60|FINISHED
VOICE|3|969003|969002|12|240|FINISHED
TEXT|4|969003|969001|7|10|FINISHED
VOICE|5|969004|969005|12|240|FINISHED
VIDEO|6|969006|969005|12|360|FINISHED
VOICE|7|969006|969001|10|200|FINISHED
CONSULTAS
1 - Mostrar todas as comunicações
2 - Mostrar comunicações feitas por um cliente
3 - Mostrar comunicações recebidas por um cliente
4 - Mostrar clientes sem dívidas
5 - Mostrar clientes com dívidas
6 - Mostrar terminais sem actividade
7 - Mostrar terminais com saldo positivo
0 - Sair
Escolha uma opção: MENU PRINCIPAL
1 - Abrir
2 - Guardar
3 - Gestão de clientes
4 - Gestão de terminais
5 - Menu de consultas
6 - Ver saldo global
0 - Sair
Escolha uma opção: GESTÃO DE TERMINAIS
1 - Mostrar todos os terminais
2 - Registar terminal
3 - Operações de terminal
0 - Sair
Escolha uma opção: Número do terminal: OPERAÇÕES DO TERMINAL
1 - Ligar
2 - Colocar no silêncio
3 - Desligar
4 - Adicionar amigo
5 - Retirar amigo
6 - Pagamento
7 - Consultar saldo
8 - Enviar comunicação de texto
9 - Iniciar comunicação
11 - Mostrar comunicação em curso
0 - Sair
Escolha uma opção: Número da comunicação: OPERAÇÕES DO TERMINAL
1 - Ligar
2 - Colocar no silêncio
3 - Desligar
4 - Adicionar amigo
5 - Retirar amigo
6 - Pagamento
7 - Consultar saldo
8 - Enviar comunicação de texto
9 - Iniciar comunicação
11 - Mostrar comunicação em curso
0 - Sair
Escolha uma opção: Número da comunicação: OPERAÇÕES DO TERMINAL
1 - Ligar
2 - Colocar no silêncio
3 - Desligar
4 - Adicionar amigo
5 - Retirar amigo
6 - Pagamento
7 - Consultar saldo
8 - Enviar comunicação de texto
9 - Iniciar comunicação
11 - Mostrar comunicação em curso
0 - Sair
Escolha uma opção: GESTÃO DE TERMINAIS
1 - Mostrar todos os terminais
2 - Registar terminal
3 - Operações de terminal
0 - Sair
Escolha uma opção: Número do terminal: OPERAÇÕES DO TERMINAL
1 - Ligar
2 - Colocar no silêncio
3 - Desligar
4 - Adicionar amigo
5 - Retirar amigo
6 - Pagamento
7 - Consultar saldo
8 - Enviar comunicação de texto
9 - Iniciar comunicação
11 - Mostrar comunicação em curso
0 - Sair
Escolha uma opção: Número da comunicação: OPERAÇÕES DO TERMINAL
1 - Ligar
2 - Colocar no silêncio
3 - Desligar
4 - Adicionar amigo
5 - Retirar amigo
6 - Pagamento
7 - Consultar saldo
8 - Enviar comunicação de texto
9 - Iniciar comunicação
11 - Mostrar comunicação em curso
0 - Sair
Escolha uma opção: GESTÃO DE TERMINAIS
1 - Mostrar todos os terminais
2 - Registar terminal
3 - Operações de terminal
0 - Sair
Escolha uma opção: MENU PRINCIPAL
1 - Abrir
2 - Guardar
3 - Gestão de clientes
4 - Gestão de terminais
5 - Menu de consultas
6 - Ver saldo global
0 - Sair
Escolha uma opção: Valores globais: 430 (pagamentos),  780 (dívidas).
MENU PRINCIPAL
1 - Abrir
2 - Guardar
3 - Gestão de clientes
4 - Gestão de terminais
5 - Menu de consultas
6 - Ver saldo global
0 - Sair
Escolha uma opção: GESTÃO DE CLIENTES
1 - Visualizar cliente
2 - Visualizar todos os clientes
3 - Registar cliente
4 - Activar notificações
5 - Desactivar notificações
6 - Mostrar saldo de cliente
0 - Sair
Escolha uma opção: CLIENT|cli001|Manuel Pinheiro|103443|NORMAL|YES|2|0|340
CLIENT|cli002|Pedro Pinheiro|103447|NORMAL|YES|2|0|0
CLIENT|cli003|Pedro Oliveira|103449|NORMAL|YES|2|430|440
GESTÃO DE CLIENTES
1 - Visualizar cliente
2 - Visualizar todos os clientes
3 - Registar cliente
4 - Activar notificações
5 - Desactivar notificações
6 - Mostrar saldo de cliente
0 - Sair
Escolha uma opção: MENU PRINCIPAL
1 - Abrir
2 - Guardar
3 - Gestão de clientes
4 - Gestão de terminais
5 - Menu de consultas
6 - Ver saldo global
0 - Sair
Escolha uma opção: GESTÃO DE TERMINAIS
1 - Mostrar todos os terminais
2 - Registar terminal
3 - Operações de terminal
0 - Sair
Escolha uma opção: Número do terminal: OPERAÇÕES DO TERMINAL
1 - Ligar
2 - Colocar no silêncio
3 - Desligar
4 - Adicionar amigo
5 - Retirar amigo
6 - Pagamento
7 - Consultar saldo
8 - Enviar comunicação de texto
9 - Iniciar comunicação
11 - Mostrar comunicação em curso
0 - Sair
Escolha uma opção: Número da comunicação: OPERAÇÕES DO TERMINAL
1 - Ligar
2 - Colocar no silêncio
3 - Desligar
4 - Adicionar amigo
5 - Retirar amigo
6 - Pagamento
7 - Consultar saldo
8 - Enviar comunicação de texto
9 - Iniciar comunicação
11 - Mostrar comunicação em curso
0 - Sair
Escolha uma opção: GESTÃO DE TERMINAIS
1 - Mostrar todos os terminais
2 - Registar terminal
3 - Operações de terminal
0 - Sair
Escolha uma opção: MENU PRINCIPAL
1 - Abrir
2 - Guardar
3 - Gestão de clientes
4 - Gestão de terminais
5 - Menu de consultas
6 - Ver saldo global
0 - Sair
Escolha uma opção: Valores globais: 670 (pagamentos),  540 (dívidas).
MENU PRINCIPAL
1 - Abrir
2 - Guardar
3 - Gestão de clientes
4 - Gestão de terminais
5 - Menu de consultas
6 - Ver saldo global
0 - Sair
Escolha uma opção: 